Passenger     Row     Seat
Passenger     Row     Seat
J. Doe         2       2
P. Smith       3       3
T. Jones       1       1
M. Marc        5       5
J. Bieber      3       3
H. Lance       2       2
Passenger     Row     Seat
J. Doe         2       2
P. Smith       3       3
T. Jones       1       1
M. Marc        5       5
J. Bieber      3       3
H. Lance       2       2
d              1       1
Passenger     Row     Seat
J. Doe         2       2
P. Smith       3       3
T. Jones       1       1
M. Marc        5       5
J. Bieber      3       3
H. Lance       2       2
d              1       1
Passenger     Row     Seat
J. Doe         2       2
P. Smith       3       3
T. Jones       1       1
M. Marc        5       5
J. Bieber      3       3
H. Lance       2       2
d              1       1
w              2       2
Passenger     Row     Seat
J. Doe         2       2
P. Smith       3       3
T. Jones       1       1
M. Marc        5       5
J. Bieber      3       3
H. Lance       2       2
d              1       1
w              2       2
d              3       3
